// Jest Snapshot v1, https://goo.gl/fbAQLP

exports[`renders correctly 1`] = `
<button
  className="sc-bdVaJa cruQxV"
>
  Test
</button>
`;
