// Jest Snapshot v1, https://goo.gl/fbAQLP

exports[`renders correctly 1`] = `
<div
  className="columns is-centered"
>
  <div
    className="column is-full-mobile is-full-tablet is-half-desktop is-one-third-widescreen is-one-quarter-fullhd"
  >
    Test
  </div>
</div>
`;
